PS C:\Users\e\SI_2023_lab1_171121> git add README.md
fatal: pathspec 'README.md' did not match any files
PS C:\Users\e\SI_2023_lab1_171121> git add README.md
PS C:\Users\e\SI_2023_lab1_171121> git commit -m "Initial commit"
Author identity unknown

*** Please tell me who you are.

Run

  git config --global user.email "you@example.com"
  git config --global user.name "Your Name"

to set your account's default identity.
Omit --global to set the identity only in this repository.

fatal: unable to auto-detect email address (got 'e@DESKTOP-QULSFLE.(none)')
PS C:\Users\e\SI_2023_lab1_171121> git config "elena.trajkovikj@students.finki.ukim.mk"
PS C:\Users\e\SI_2023_lab1_171121> git commit -m "Initial commit"
Author identity unknown

*** Please tell me who you are.

Run

  git config --global user.email "you@example.com"
  git config --global user.name "Your Name"

to set your account's default identity.
Omit --global to set the identity only in this repository.

fatal: unable to auto-detect email address (got 'e@DESKTOP-QULSFLE.(none)')
PS C:\Users\e\SI_2023_lab1_171121> git config "129437762+elenatrajkovikj@users.noreply.github.com"
error: invalid key: 129437762+elenatrajkovikj@users.noreply.github.com
PS C:\Users\e\SI_2023_lab1_171121> git config user.email "129437762+elenatrajkovikj@users.noreply.github.com"
PS C:\Users\e\SI_2023_lab1_171121> git commit -m "Initial commit"
[master (root-commit) a7239c7] Initial commit
 1 file changed, 1 insertion(+)
 create mode 100644 README.md
PS C:\Users\e\SI_2023_lab1_171121> git push origin master
Enumerating objects: 3, done.
Counting objects: 100% (3/3), done.
Writing objects: 100% (3/3), 258 bytes | 258.00 KiB/s, done.
Total 3 (delta 0), reused 0 (delta 0), pack-reused 0
To https://github.com/elenatrajkovikj/SI_2023_lab1_171121
 * [new branch]      master -> master
PS C:\Users\e\SI_2023_lab1_171121> git add SILab1.java
PS C:\Users\e\SI_2023_lab1_171121> git commit -m "Add java class"
[master 6a8e0b6] Add java class
 1 file changed, 41 insertions(+)
 create mode 100644 SILab1.java
PS C:\Users\e\SI_2023_lab1_171121> git push origin master
Enumerating objects: 4, done.
Counting objects: 100% (4/4), done.
Delta compression using up to 16 threads
Compressing objects: 100% (3/3), done.
Writing objects: 100% (3/3), 638 bytes | 15.00 KiB/s, done.
Total 3 (delta 0), reused 0 (delta 0), pack-reused 0
To https://github.com/elenatrajkovikj/SI_2023_lab1_171121
   a7239c7..6a8e0b6  master -> master
PS C:\Users\e\SI_2023_lab1_171121> git branch bug1
PS C:\Users\e\SI_2023_lab1_171121> git branch bug2
PS C:\Users\e\SI_2023_lab1_171121> git branch bug3
PS C:\Users\e\SI_2023_lab1_171121> git checkout bug1
Switched to branch 'bug1'
PS C:\Users\e\SI_2023_lab1_171121> git status
On branch bug1
Changes not staged for commit:
  (use "git add <file>..." to update what will be committed)
  (use "git restore <file>..." to discard changes in working directory)
        modified:   SILab1.java

no changes added to commit (use "git add" and/or "git commit -a")
PS C:\Users\e\SI_2023_lab1_171121> git add SILab1.java
PS C:\Users\e\SI_2023_lab1_171121> git commit -m "Fix wrong loop for reading"
[bug1 acb8000] Fix wrong loop for reading
 1 file changed, 4 insertions(+), 4 deletions(-)
PS C:\Users\e\SI_2023_lab1_171121> git push
fatal: The current branch bug1 has no upstream branch.
To push the current branch and set the remote as upstream, use

    git push --set-upstream origin bug1

To have this happen automatically for branches without a tracking
upstream, see 'push.autoSetupRemote' in 'git help config'.

PS C:\Users\e\SI_2023_lab1_171121> git checkout bug2
Switched to branch 'bug2'
PS C:\Users\e\SI_2023_lab1_171121> git add SILab1.java
PS C:\Users\e\SI_2023_lab1_171121> git commit -m "Fix wrong condition in filterOddNumbers"
[bug2 bedff7d] Fix wrong condition in filterOddNumbers
 1 file changed, 4 insertions(+), 4 deletions(-)
PS C:\Users\e\SI_2023_lab1_171121> git checkout bug3
error: Your local changes to the following files would be overwritten by checkout:
        SILab1.java
Please commit your changes or stash them before you switch branches.
Aborting
PS C:\Users\e\SI_2023_lab1_171121> git checkout bug3
Switched to branch 'bug3'
PS C:\Users\e\SI_2023_lab1_171121> git add SILab1.java
PS C:\Users\e\SI_2023_lab1_171121> git commit -m "Fix method sumEvenNumbers"
[bug3 1f1c5d7] Fix method sumEvenNumbers
 1 file changed, 5 insertions(+), 5 deletions(-)
PS C:\Users\e\SI_2023_lab1_171121> git push origin master
Everything up-to-date
PS C:\Users\e\SI_2023_lab1_171121> git checkout master
Switched to branch 'master'
Your branch is up to date with 'origin/master'.
PS C:\Users\e\SI_2023_lab1_171121> git merge bug1
Updating 6a8e0b6..acb8000
Fast-forward
 SILab1.java | 8 ++++----
 1 file changed, 4 insertions(+), 4 deletions(-)
PS C:\Users\e\SI_2023_lab1_171121> git push origin master
Enumerating objects: 5, done.
Counting objects: 100% (5/5), done.
Delta compression using up to 16 threads
Compressing objects: 100% (3/3), done.
Writing objects: 100% (3/3), 409 bytes | 409.00 KiB/s, done.
Total 3 (delta 1), reused 0 (delta 0), pack-reused 0
remote: Resolving deltas: 100% (1/1), completed with 1 local object.
To https://github.com/elenatrajkovikj/SI_2023_lab1_171121
   6a8e0b6..acb8000  master -> master
PS C:\Users\e\SI_2023_lab1_171121> git merge bug2
Auto-merging SILab1.java
CONFLICT (content): Merge conflict in SILab1.java
Automatic merge failed; fix conflicts and then commit the result.
PS C:\Users\e\SI_2023_lab1_171121> git merge bug2
error: Merging is not possible because you have unmerged files.
hint: Fix them up in the work tree, and then use 'git add/rm <file>'
hint: as appropriate to mark resolution and make a commit.
fatal: Exiting because of an unresolved conflict.
PS C:\Users\e\SI_2023_lab1_171121> git add SILab1.java
PS C:\Users\e\SI_2023_lab1_171121> git merge bug2
fatal: You have not concluded your merge (MERGE_HEAD exists).
Please, commit your changes before you merge.
PS C:\Users\e\SI_2023_lab1_171121> git commit
hint: Waiting for your editor to close the file... unix2dos: converting file C:/Users/e/SI_2023_lab1_171121/.git/COMMIT_EDITMSG to DOS format...
dos2unix: converting file C:/Users/e/SI_2023_lab1_171121/.git/COMMIT_EDITMSG to Unix format...
[master 323b5d9] Merge branch 'bug2'
PS C:\Users\e\SI_2023_lab1_171121> git update-ref -d MERGE_HEAD
PS C:\Users\e\SI_2023_lab1_171121> git add SILab1.java
PS C:\Users\e\SI_2023_lab1_171121> git commit -m "merge fix"
On branch master
Your branch is ahead of 'origin/master' by 2 commits.
  (use "git push" to publish your local commits)

nothing to commit, working tree clean
PS C:\Users\e\SI_2023_lab1_171121> git push origin master
Enumerating objects: 8, done.
Counting objects: 100% (8/8), done.
Delta compression using up to 16 threads
Compressing objects: 100% (4/4), done.
Writing objects: 100% (4/4), 488 bytes | 488.00 KiB/s, done.
Total 4 (delta 2), reused 0 (delta 0), pack-reused 0
remote: Resolving deltas: 100% (2/2), completed with 1 local object.
To https://github.com/elenatrajkovikj/SI_2023_lab1_171121
   acb8000..323b5d9  master -> master
PS C:\Users\e\SI_2023_lab1_171121> git merge bug2
Already up to date.
PS C:\Users\e\SI_2023_lab1_171121> git checkout bug3
Switched to branch 'bug3'
PS C:\Users\e\SI_2023_lab1_171121> git rebase master
Successfully rebased and updated refs/heads/bug3.
PS C:\Users\e\SI_2023_lab1_171121> git checkout master
Switched to branch 'master'
Your branch is up to date with 'origin/master'.
PS C:\Users\e\SI_2023_lab1_171121> git merge bug3
Updating 323b5d9..1256c6c
Fast-forward
 SILab1.java | 2 +-
 1 file changed, 1 insertion(+), 1 deletion(-)
PS C:\Users\e\SI_2023_lab1_171121> git push origin master
Enumerating objects: 5, done.
Counting objects: 100% (5/5), done.
Delta compression using up to 16 threads
Compressing objects: 100% (3/3), done.
Writing objects: 100% (3/3), 350 bytes | 350.00 KiB/s, done.
Total 3 (delta 1), reused 0 (delta 0), pack-reused 0
remote: Resolving deltas: 100% (1/1), completed with 1 local object.
To https://github.com/elenatrajkovikj/SI_2023_lab1_171121
   323b5d9..1256c6c  master -> master
PS C:\Users\e\SI_2023_lab1_171121>